// Jest Snapshot v1, https://goo.gl/fbAQLP

exports[`app renders correctly 1`] = `
<div>
  <div
    class="sc-bdfBwQ jexaJZ"
  >
    <h2>
      Quickly convert between USD and EUR ðŸ’°
    </h2>
    <div
      class="sc-gsTCUz kforPu"
    >
      <label
        class="sc-dlfnbm bKRewz"
      >
        ðŸ’µ
      </label>
      <input
        class="sc-hKgILt eUZztZ"
        placeholder="ðŸ’µ"
        type="number"
        value="1"
      />
    </div>
    <div
      class="sc-gsTCUz kforPu"
    >
      <label
        class="sc-dlfnbm bKRewz"
      >
        ðŸ’¶
      </label>
      <input
        class="sc-hKgILt eUZztZ"
        placeholder="ðŸ’¶"
        type="number"
        value="0.82"
      />
    </div>
  </div>
</div>
`;
